Archive member included to satisfy reference by file (symbol)

../lib/libprojet6771.a(del.o)
                              Robot.o (_ZN3DelC1Ev)
../lib/libprojet6771.a(minuterie.o)
                              Parcours.o (_Z8delai_msj)
../lib/libprojet6771.a(moteur.o)
                              Robot.o (_ZN6MoteurC1Ev)
../lib/libprojet6771.a(cytron.o)
                              Parcours.o (tableauDetecteurs)
/usr/lib/gcc/avr/4.9.2/avr5/libgcc.a(_exit.o)
                              /usr/lib/gcc/avr/4.9.2/../../../avr/lib/avr5/crtatmega324pa.o (exit)
/usr/lib/gcc/avr/4.9.2/avr5/libgcc.a(_copy_data.o)
                              bluetooth.o (__do_copy_data)
/usr/lib/gcc/avr/4.9.2/avr5/libgcc.a(_clear_bss.o)
                              ../lib/libprojet6771.a(cytron.o) (__do_clear_bss)

Memory Configuration

Name             Origin             Length             Attributes
text             0x0000000000000000 0x0000000000020000 xr
data             0x0000000000800060 0x000000000000ffa0 rw !x
eeprom           0x0000000000810000 0x0000000000010000 rw !x
fuse             0x0000000000820000 0x0000000000000400 rw !x
lock             0x0000000000830000 0x0000000000000400 rw !x
signature        0x0000000000840000 0x0000000000000400 rw !x
user_signatures  0x0000000000850000 0x0000000000000400 rw !x
*default*        0x0000000000000000 0xffffffffffffffff

Linker script and memory map

Address of section .data set to 0x800100
LOAD /usr/lib/gcc/avr/4.9.2/../../../avr/lib/avr5/crtatmega324pa.o
LOAD Robot.o
LOAD Parcours.o
LOAD bluetooth.o
LOAD Instruction.o
LOAD GestionnaireInstructions.o
LOAD main.o
LOAD /usr/lib/gcc/avr/4.9.2/../../../avr/lib/avr5/libm.a
LOAD ../lib/libprojet6771.a
START GROUP
LOAD /usr/lib/gcc/avr/4.9.2/avr5/libgcc.a
LOAD /usr/lib/gcc/avr/4.9.2/../../../avr/lib/avr5/libm.a
LOAD /usr/lib/gcc/avr/4.9.2/../../../avr/lib/avr5/libc.a
LOAD /usr/lib/gcc/avr/4.9.2/../../../avr/lib/avr5/libatmega324pa.a
END GROUP
                0x0000000000020000                __TEXT_REGION_LENGTH__ = DEFINED (__TEXT_REGION_LENGTH__)?__TEXT_REGION_LENGTH__:0x20000
                0x000000000000ffa0                __DATA_REGION_LENGTH__ = DEFINED (__DATA_REGION_LENGTH__)?__DATA_REGION_LENGTH__:0xffa0
                0x0000000000010000                __EEPROM_REGION_LENGTH__ = DEFINED (__EEPROM_REGION_LENGTH__)?__EEPROM_REGION_LENGTH__:0x10000
                0x0000000000000400                __FUSE_REGION_LENGTH__ = DEFINED (__FUSE_REGION_LENGTH__)?__FUSE_REGION_LENGTH__:0x400
                0x0000000000000400                __LOCK_REGION_LENGTH__ = DEFINED (__LOCK_REGION_LENGTH__)?__LOCK_REGION_LENGTH__:0x400
                0x0000000000000400                __SIGNATURE_REGION_LENGTH__ = DEFINED (__SIGNATURE_REGION_LENGTH__)?__SIGNATURE_REGION_LENGTH__:0x400
                0x0000000000000400                __USER_SIGNATURE_REGION_LENGTH__ = DEFINED (__USER_SIGNATURE_REGION_LENGTH__)?__USER_SIGNATURE_REGION_LENGTH__:0x400

.hash
 *(.hash)

.dynsym
 *(.dynsym)

.dynstr
 *(.dynstr)

.gnu.version
 *(.gnu.version)

.gnu.version_d
 *(.gnu.version_d)

.gnu.version_r
 *(.gnu.version_r)

.rel.init
 *(.rel.init)

.rela.init
 *(.rela.init)

.rel.text
 *(.rel.text)
 *(.rel.text.*)
 *(.rel.gnu.linkonce.t*)

.rela.text
 *(.rela.text)
 *(.rela.text.*)
 *(.rela.gnu.linkonce.t*)

.rel.fini
 *(.rel.fini)

.rela.fini
 *(.rela.fini)

.rel.rodata
 *(.rel.rodata)
 *(.rel.rodata.*)
 *(.rel.gnu.linkonce.r*)

.rela.rodata
 *(.rela.rodata)
 *(.rela.rodata.*)
 *(.rela.gnu.linkonce.r*)

.rel.data
 *(.rel.data)
 *(.rel.data.*)
 *(.rel.gnu.linkonce.d*)

.rela.data
 *(.rela.data)
 *(.rela.data.*)
 *(.rela.gnu.linkonce.d*)

.rel.ctors
 *(.rel.ctors)

.rela.ctors
 *(.rela.ctors)

.rel.dtors
 *(.rel.dtors)

.rela.dtors
 *(.rela.dtors)

.rel.got
 *(.rel.got)

.rela.got
 *(.rela.got)

.rel.bss
 *(.rel.bss)

.rela.bss
 *(.rela.bss)

.rel.plt
 *(.rel.plt)

.rela.plt
 *(.rela.plt)

.text           0x0000000000000000      0xc58
 *(.vectors)
 .vectors       0x0000000000000000       0x7c /usr/lib/gcc/avr/4.9.2/../../../avr/lib/avr5/crtatmega324pa.o
                0x0000000000000000                __vectors
                0x0000000000000000                __vector_default
 *(.vectors)
 *(.progmem.gcc*)
                0x000000000000007c                . = ALIGN (0x2)
                0x000000000000007c                __trampolines_start = .
 *(.trampolines)
 .trampolines   0x000000000000007c        0x0 linker stubs
 *(.trampolines*)
                0x000000000000007c                __trampolines_end = .
 *libprintf_flt.a:*(.progmem.data)
 *libc.a:*(.progmem.data)
 *(.progmem*)
                0x000000000000007c                . = ALIGN (0x2)
 *(.jumptables)
 *(.jumptables*)
 *(.lowtext)
 *(.lowtext*)
                0x000000000000007c                __ctors_start = .
 *(.ctors)
                0x000000000000007c                __ctors_end = .
                0x000000000000007c                __dtors_start = .
 *(.dtors)
                0x000000000000007c                __dtors_end = .
 SORT(*)(.ctors)
 SORT(*)(.dtors)
 *(.init0)
 .init0         0x000000000000007c        0x0 /usr/lib/gcc/avr/4.9.2/../../../avr/lib/avr5/crtatmega324pa.o
                0x000000000000007c                __init
 *(.init0)
 *(.init1)
 *(.init1)
 *(.init2)
 .init2         0x000000000000007c        0xc /usr/lib/gcc/avr/4.9.2/../../../avr/lib/avr5/crtatmega324pa.o
 *(.init2)
 *(.init3)
 *(.init3)
 *(.init4)
 .init4         0x0000000000000088       0x16 /usr/lib/gcc/avr/4.9.2/avr5/libgcc.a(_copy_data.o)
                0x0000000000000088                __do_copy_data
 .init4         0x000000000000009e       0x10 /usr/lib/gcc/avr/4.9.2/avr5/libgcc.a(_clear_bss.o)
                0x000000000000009e                __do_clear_bss
 *(.init4)
 *(.init5)
 *(.init5)
 *(.init6)
 *(.init6)
 *(.init7)
 *(.init7)
 *(.init8)
 *(.init8)
 *(.init9)
 .init9         0x00000000000000ae        0x8 /usr/lib/gcc/avr/4.9.2/../../../avr/lib/avr5/crtatmega324pa.o
 *(.init9)
 *(.text)
 .text          0x00000000000000b6        0x4 /usr/lib/gcc/avr/4.9.2/../../../avr/lib/avr5/crtatmega324pa.o
                0x00000000000000b6                __vector_22
                0x00000000000000b6                __vector_28
                0x00000000000000b6                __vector_1
                0x00000000000000b6                __vector_24
                0x00000000000000b6                __vector_12
                0x00000000000000b6                __bad_interrupt
                0x00000000000000b6                __vector_3
                0x00000000000000b6                __vector_23
                0x00000000000000b6                __vector_30
                0x00000000000000b6                __vector_25
                0x00000000000000b6                __vector_11
                0x00000000000000b6                __vector_13
                0x00000000000000b6                __vector_17
                0x00000000000000b6                __vector_19
                0x00000000000000b6                __vector_7
                0x00000000000000b6                __vector_27
                0x00000000000000b6                __vector_5
                0x00000000000000b6                __vector_4
                0x00000000000000b6                __vector_9
                0x00000000000000b6                __vector_2
                0x00000000000000b6                __vector_21
                0x00000000000000b6                __vector_15
                0x00000000000000b6                __vector_29
                0x00000000000000b6                __vector_8
                0x00000000000000b6                __vector_26
                0x00000000000000b6                __vector_14
                0x00000000000000b6                __vector_10
                0x00000000000000b6                __vector_16
                0x00000000000000b6                __vector_18
                0x00000000000000b6                __vector_20
 .text          0x00000000000000ba      0x420 Robot.o
                0x00000000000000ba                _ZN5RobotC1Ev
                0x00000000000000ba                _ZN5RobotC2Ev
                0x00000000000001d2                _ZN5RobotD2Ev
                0x00000000000001d2                _ZN5RobotD1Ev
                0x0000000000000220                _ZN5Robot7avancerEhh
                0x00000000000002c0                _ZN5Robot7reculerEhh
                0x0000000000000360                _ZN5Robot7arreterEv
                0x0000000000000376                _ZN5Robot13tournerDroiteEv
                0x00000000000003ae                _ZN5Robot13tournerGaucheEv
                0x00000000000003e6                _ZN5Robot10allumerDelEh
                0x0000000000000460                _ZN5Robot9fermerDelEh
 .text          0x00000000000004da      0x194 Parcours.o
                0x00000000000004da                _ZN8ParcoursC2Ev
                0x00000000000004da                _ZN8ParcoursC1Ev
                0x0000000000000546                _ZN8ParcoursD2Ev
                0x0000000000000546                _ZN8ParcoursD1Ev
                0x000000000000055c                _ZN8Parcours11ligneDroiteEv
                0x00000000000005be                _ZN8Parcours26tournerDroiteSansDetectionEv
                0x00000000000005da                _ZN8Parcours26tournerGaucheSansDetectionEv
                0x00000000000005f6                _ZN8Parcours26tournerDroiteAvecDetectionEv
                0x000000000000062c                _ZN8Parcours26tournerGaucheAvecDetectionEv
                0x0000000000000662                _ZN8Parcours23stationnementTroisLigneE7Couleur
                0x0000000000000664                _ZN8Parcours16stationnementFinE7Couleur
                0x0000000000000666                _ZN8Parcours10loiNormaleE7Couleur
                0x0000000000000668                _ZN8Parcours12cinqQuaranteE7Couleur
                0x000000000000066a                _ZN8Parcours9touchdownEv
                0x000000000000066c                _ZN8Parcours9pointilleEv
 .text          0x000000000000066e      0x142 bluetooth.o
                0x000000000000066e                _ZN9Bluetooth14initialisationEv
                0x0000000000000686                _ZN9BluetoothC1Ev
                0x0000000000000686                _ZN9BluetoothC2Ev
                0x000000000000068a                _ZN9Bluetooth11setBaudRateEh
                0x0000000000000694                _ZN9Bluetooth8transmitEh
                0x00000000000006a2                _ZN9Bluetooth7receiveEv
                0x00000000000006b0                _ZN9Bluetooth6testATEv
                0x00000000000006ea                _ZN9Bluetooth14transmitStringEPc
                0x000000000000070e                _ZN9Bluetooth10changeNameEPc
                0x000000000000074e                _ZN9Bluetooth13receiveStringEPhh
                0x00000000000007a0                _ZN9Bluetooth5flushEv
 .text          0x00000000000007b0       0x24 Instruction.o
                0x00000000000007b0                _ZN11InstructionC2Ev
                0x00000000000007b0                _ZN11InstructionC1Ev
                0x00000000000007b2                _ZN11InstructionC2Ehh
                0x00000000000007b2                _ZN11InstructionC1Ehh
                0x00000000000007ba                _ZN11InstructionD2Ev
                0x00000000000007ba                _ZN11InstructionD1Ev
                0x00000000000007bc                _ZN11Instruction9getOpcodeEv
                0x00000000000007c2                _ZN11Instruction11getOperandeEv
                0x00000000000007c8                _ZN11Instruction9setOpcodeEh
                0x00000000000007ce                _ZN11Instruction11setOperandeEh
 .text          0x00000000000007d4      0x13a GestionnaireInstructions.o
                0x00000000000007d4                _ZN24GestionnaireInstructionsC2Ev
                0x00000000000007d4                _ZN24GestionnaireInstructionsC1Ev
                0x00000000000007ea                _ZN24GestionnaireInstructions8executerEv
 .text          0x000000000000090e        0x0 main.o
 .text          0x000000000000090e      0x10c ../lib/libprojet6771.a(del.o)
                0x000000000000090e                _ZN3DelC2Ev
                0x000000000000090e                _ZN3DelC1Ev
                0x0000000000000910                _ZN3DelC2EPVhhh
                0x0000000000000910                _ZN3DelC1EPVhhh
                0x000000000000091c                _ZN3DelD1Ev
                0x000000000000091c                _ZN3DelD2Ev
                0x000000000000091e                _ZN3Del12afficherVertEv
                0x000000000000095c                _ZN3Del13afficherRougeEv
                0x000000000000099a                _ZN3Del13afficherAmbreEv
                0x00000000000009ce                _ZN3Del8eteindreEv
                0x0000000000000a00                _ZN3Del11obtenirEtatEv
                0x0000000000000a06                _ZN3Del17obtenirLettrePortEv
                0x0000000000000a0e                _ZN3Del19obtenirNumeroPortUnEv
                0x0000000000000a14                _ZN3Del21obtenirNumeroPortDeuxEv
 .text          0x0000000000000a1a       0x76 ../lib/libprojet6771.a(minuterie.o)
                0x0000000000000a1a                _ZN9MinuterieC2Ev
                0x0000000000000a1a                _ZN9MinuterieC1Ev
                0x0000000000000a20                _ZN9Minuterie15partirMinuterieEj
                0x0000000000000a40                _ZN9Minuterie16arreterMinuterieEv
                0x0000000000000a4c                _ZN9Minuterie19getMinuterieExpireeEv
                0x0000000000000a52                _ZN9Minuterie19setMinuterieExpireeEb
                0x0000000000000a58                _Z8delai_usj
                0x0000000000000a74                _Z8delai_msj
 .text          0x0000000000000a90       0xf6 ../lib/libprojet6771.a(moteur.o)
                0x0000000000000a90                _ZN6MoteurC1Ev
                0x0000000000000a90                _ZN6MoteurC2Ev
                0x0000000000000a92                _ZN6Moteur23initialisationRegistresEv
                0x0000000000000ab8                _ZN6MoteurD2Ev
                0x0000000000000ab8                _ZN6MoteurD1Ev
                0x0000000000000aba                _ZN6Moteur12setDirectionE9Direction
                0x0000000000000adc                _ZN6MoteurC1E4Cote
                0x0000000000000adc                _ZN6MoteurC2E4Cote
                0x0000000000000b08                _ZNK6Moteur12getDirectionEv
                0x0000000000000b0e                _ZNK6Moteur7getCoteEv
                0x0000000000000b14                _ZN6Moteur13arreterMoteurEv
                0x0000000000000b38                _ZN6Moteur13ajustementPWMEh
                0x0000000000000b5e                _ZN6Moteur14demarrerMoteurEh
                0x0000000000000b82                _ZN6Moteur10setVitesseEh
 .text          0x0000000000000b86       0xa8 ../lib/libprojet6771.a(cytron.o)
                0x0000000000000b86                __vector_6
                0x0000000000000c0c                _ZN6CytronD2Ev
                0x0000000000000c0c                _ZN6CytronD1Ev
                0x0000000000000c0e                _ZN6Cytron14initialisationEv
                0x0000000000000c22                _ZN6CytronC1Ev
                0x0000000000000c22                _ZN6CytronC2Ev
                0x0000000000000c26                _ZN6Cytron14debutDetectionEv
                0x0000000000000c2a                _ZN6Cytron14arretDetectionEv
 .text          0x0000000000000c2e        0x0 /usr/lib/gcc/avr/4.9.2/avr5/libgcc.a(_exit.o)
 .text          0x0000000000000c2e        0x0 /usr/lib/gcc/avr/4.9.2/avr5/libgcc.a(_copy_data.o)
 .text          0x0000000000000c2e        0x0 /usr/lib/gcc/avr/4.9.2/avr5/libgcc.a(_clear_bss.o)
                0x0000000000000c2e                . = ALIGN (0x2)
 *(.text.*)
 .text.startup  0x0000000000000c2e       0x26 main.o
                0x0000000000000c2e                main
 .text.libgcc.mul
                0x0000000000000c54        0x0 /usr/lib/gcc/avr/4.9.2/avr5/libgcc.a(_exit.o)
 .text.libgcc.div
                0x0000000000000c54        0x0 /usr/lib/gcc/avr/4.9.2/avr5/libgcc.a(_exit.o)
 .text.libgcc   0x0000000000000c54        0x0 /usr/lib/gcc/avr/4.9.2/avr5/libgcc.a(_exit.o)
 .text.libgcc.prologue
                0x0000000000000c54        0x0 /usr/lib/gcc/avr/4.9.2/avr5/libgcc.a(_exit.o)
 .text.libgcc.builtins
                0x0000000000000c54        0x0 /usr/lib/gcc/avr/4.9.2/avr5/libgcc.a(_exit.o)
 .text.libgcc.fmul
                0x0000000000000c54        0x0 /usr/lib/gcc/avr/4.9.2/avr5/libgcc.a(_exit.o)
 .text.libgcc.fixed
                0x0000000000000c54        0x0 /usr/lib/gcc/avr/4.9.2/avr5/libgcc.a(_exit.o)
 .text.libgcc.mul
                0x0000000000000c54        0x0 /usr/lib/gcc/avr/4.9.2/avr5/libgcc.a(_copy_data.o)
 .text.libgcc.div
                0x0000000000000c54        0x0 /usr/lib/gcc/avr/4.9.2/avr5/libgcc.a(_copy_data.o)
 .text.libgcc   0x0000000000000c54        0x0 /usr/lib/gcc/avr/4.9.2/avr5/libgcc.a(_copy_data.o)
 .text.libgcc.prologue
                0x0000000000000c54        0x0 /usr/lib/gcc/avr/4.9.2/avr5/libgcc.a(_copy_data.o)
 .text.libgcc.builtins
                0x0000000000000c54        0x0 /usr/lib/gcc/avr/4.9.2/avr5/libgcc.a(_copy_data.o)
 .text.libgcc.fmul
                0x0000000000000c54        0x0 /usr/lib/gcc/avr/4.9.2/avr5/libgcc.a(_copy_data.o)
 .text.libgcc.fixed
                0x0000000000000c54        0x0 /usr/lib/gcc/avr/4.9.2/avr5/libgcc.a(_copy_data.o)
 .text.libgcc.mul
                0x0000000000000c54        0x0 /usr/lib/gcc/avr/4.9.2/avr5/libgcc.a(_clear_bss.o)
 .text.libgcc.div
                0x0000000000000c54        0x0 /usr/lib/gcc/avr/4.9.2/avr5/libgcc.a(_clear_bss.o)
 .text.libgcc   0x0000000000000c54        0x0 /usr/lib/gcc/avr/4.9.2/avr5/libgcc.a(_clear_bss.o)
 .text.libgcc.prologue
                0x0000000000000c54        0x0 /usr/lib/gcc/avr/4.9.2/avr5/libgcc.a(_clear_bss.o)
 .text.libgcc.builtins
                0x0000000000000c54        0x0 /usr/lib/gcc/avr/4.9.2/avr5/libgcc.a(_clear_bss.o)
 .text.libgcc.fmul
                0x0000000000000c54        0x0 /usr/lib/gcc/avr/4.9.2/avr5/libgcc.a(_clear_bss.o)
 .text.libgcc.fixed
                0x0000000000000c54        0x0 /usr/lib/gcc/avr/4.9.2/avr5/libgcc.a(_clear_bss.o)
                0x0000000000000c54                . = ALIGN (0x2)
 *(.fini9)
 .fini9         0x0000000000000c54        0x0 /usr/lib/gcc/avr/4.9.2/avr5/libgcc.a(_exit.o)
                0x0000000000000c54                exit
                0x0000000000000c54                _exit
 *(.fini9)
 *(.fini8)
 *(.fini8)
 *(.fini7)
 *(.fini7)
 *(.fini6)
 *(.fini6)
 *(.fini5)
 *(.fini5)
 *(.fini4)
 *(.fini4)
 *(.fini3)
 *(.fini3)
 *(.fini2)
 *(.fini2)
 *(.fini1)
 *(.fini1)
 *(.fini0)
 .fini0         0x0000000000000c54        0x4 /usr/lib/gcc/avr/4.9.2/avr5/libgcc.a(_exit.o)
 *(.fini0)
                0x0000000000000c58                _etext = .

.data           0x0000000000800100        0xa load address 0x0000000000000c58
                0x0000000000800100                PROVIDE (__data_start, .)
 *(.data)
 .data          0x0000000000800100        0x0 /usr/lib/gcc/avr/4.9.2/../../../avr/lib/avr5/crtatmega324pa.o
 .data          0x0000000000800100        0x0 Robot.o
 .data          0x0000000000800100        0x0 Parcours.o
 .data          0x0000000000800100        0x0 bluetooth.o
 .data          0x0000000000800100        0x0 Instruction.o
 .data          0x0000000000800100        0x0 GestionnaireInstructions.o
 .data          0x0000000000800100        0x0 main.o
 .data          0x0000000000800100        0x0 ../lib/libprojet6771.a(del.o)
 .data          0x0000000000800100        0x0 ../lib/libprojet6771.a(minuterie.o)
 .data          0x0000000000800100        0x0 ../lib/libprojet6771.a(moteur.o)
 .data          0x0000000000800100        0x0 ../lib/libprojet6771.a(cytron.o)
 .data          0x0000000000800100        0x0 /usr/lib/gcc/avr/4.9.2/avr5/libgcc.a(_exit.o)
 .data          0x0000000000800100        0x0 /usr/lib/gcc/avr/4.9.2/avr5/libgcc.a(_copy_data.o)
 .data          0x0000000000800100        0x0 /usr/lib/gcc/avr/4.9.2/avr5/libgcc.a(_clear_bss.o)
 *(.data*)
 *(.rodata)
 *(.rodata*)
 .rodata.str1.1
                0x0000000000800100        0x9 bluetooth.o
 *(.gnu.linkonce.d*)
                0x000000000080010a                . = ALIGN (0x2)
 *fill*         0x0000000000800109        0x1 
                0x000000000080010a                _edata = .
                0x000000000080010a                PROVIDE (__data_end, .)

.bss            0x000000000080010a        0x5
                0x000000000080010a                PROVIDE (__bss_start, .)
 *(.bss)
 .bss           0x000000000080010a        0x0 /usr/lib/gcc/avr/4.9.2/../../../avr/lib/avr5/crtatmega324pa.o
 .bss           0x000000000080010a        0x0 Robot.o
 .bss           0x000000000080010a        0x0 Parcours.o
 .bss           0x000000000080010a        0x0 bluetooth.o
 .bss           0x000000000080010a        0x0 Instruction.o
 .bss           0x000000000080010a        0x0 GestionnaireInstructions.o
 .bss           0x000000000080010a        0x0 main.o
 .bss           0x000000000080010a        0x0 ../lib/libprojet6771.a(del.o)
 .bss           0x000000000080010a        0x0 ../lib/libprojet6771.a(minuterie.o)
 .bss           0x000000000080010a        0x0 ../lib/libprojet6771.a(moteur.o)
 .bss           0x000000000080010a        0x5 ../lib/libprojet6771.a(cytron.o)
                0x000000000080010a                tableauDetecteurs
 .bss           0x000000000080010f        0x0 /usr/lib/gcc/avr/4.9.2/avr5/libgcc.a(_exit.o)
 .bss           0x000000000080010f        0x0 /usr/lib/gcc/avr/4.9.2/avr5/libgcc.a(_copy_data.o)
 .bss           0x000000000080010f        0x0 /usr/lib/gcc/avr/4.9.2/avr5/libgcc.a(_clear_bss.o)
 *(.bss*)
 *(COMMON)
                0x000000000080010f                PROVIDE (__bss_end, .)
                0x0000000000000c58                __data_load_start = LOADADDR (.data)
                0x0000000000000c62                __data_load_end = (__data_load_start + SIZEOF (.data))

.noinit         0x000000000080010f        0x0
                [!provide]                        PROVIDE (__noinit_start, .)
 *(.noinit*)
                [!provide]                        PROVIDE (__noinit_end, .)
                0x000000000080010f                _end = .
                [!provide]                        PROVIDE (__heap_start, .)

.eeprom         0x0000000000810000        0x0
 *(.eeprom*)
                0x0000000000810000                __eeprom_end = .

.fuse
 *(.fuse)
 *(.lfuse)
 *(.hfuse)
 *(.efuse)

.lock
 *(.lock*)

.signature
 *(.signature*)

.user_signatures
 *(.user_signatures*)

.stab           0x0000000000000000     0x567c
 *(.stab)
 .stab          0x0000000000000000      0xbe8 Robot.o
 .stab          0x0000000000000be8      0xae0 Parcours.o
                                        0xaec (size before relaxing)
 .stab          0x00000000000016c8      0x9c0 bluetooth.o
                                        0x9cc (size before relaxing)
 .stab          0x0000000000002088      0x6fc Instruction.o
                                        0x708 (size before relaxing)
 .stab          0x0000000000002784      0x72c GestionnaireInstructions.o
                                        0x738 (size before relaxing)
 .stab          0x0000000000002eb0      0x588 main.o
                                        0x594 (size before relaxing)
 .stab          0x0000000000003438      0x924 ../lib/libprojet6771.a(del.o)
                                        0x930 (size before relaxing)
 .stab          0x0000000000003d5c      0x858 ../lib/libprojet6771.a(minuterie.o)
                                        0x864 (size before relaxing)
 .stab          0x00000000000045b4      0x9fc ../lib/libprojet6771.a(moteur.o)
                                        0xa08 (size before relaxing)
 .stab          0x0000000000004fb0      0x6cc ../lib/libprojet6771.a(cytron.o)
                                        0x6d8 (size before relaxing)

.stabstr        0x0000000000000000     0x440b
 *(.stabstr)
 .stabstr       0x0000000000000000     0x440b Robot.o

.stab.excl
 *(.stab.excl)

.stab.exclstr
 *(.stab.exclstr)

.stab.index
 *(.stab.index)

.stab.indexstr
 *(.stab.indexstr)

.comment        0x0000000000000000       0x11
 *(.comment)
 .comment       0x0000000000000000       0x11 Robot.o
                                         0x12 (size before relaxing)
 .comment       0x0000000000000011       0x12 Parcours.o
 .comment       0x0000000000000011       0x12 bluetooth.o
 .comment       0x0000000000000011       0x12 Instruction.o
 .comment       0x0000000000000011       0x12 GestionnaireInstructions.o
 .comment       0x0000000000000011       0x12 main.o
 .comment       0x0000000000000011       0x12 ../lib/libprojet6771.a(del.o)
 .comment       0x0000000000000011       0x12 ../lib/libprojet6771.a(minuterie.o)
 .comment       0x0000000000000011       0x12 ../lib/libprojet6771.a(moteur.o)
 .comment       0x0000000000000011       0x12 ../lib/libprojet6771.a(cytron.o)

.note.gnu.avr.deviceinfo
                0x0000000000000000       0x40
 .note.gnu.avr.deviceinfo
                0x0000000000000000       0x40 /usr/lib/gcc/avr/4.9.2/../../../avr/lib/avr5/crtatmega324pa.o

.note.gnu.build-id
 *(.note.gnu.build-id)

.debug
 *(.debug)

.line
 *(.line)

.debug_srcinfo
 *(.debug_srcinfo)

.debug_sfnames
 *(.debug_sfnames)

.debug_aranges
 *(.debug_aranges)

.debug_pubnames
 *(.debug_pubnames)

.debug_info
 *(.debug_info .gnu.linkonce.wi.*)

.debug_abbrev
 *(.debug_abbrev)

.debug_line
 *(.debug_line .debug_line.* .debug_line_end)

.debug_frame
 *(.debug_frame)

.debug_str
 *(.debug_str)

.debug_loc
 *(.debug_loc)

.debug_macinfo
 *(.debug_macinfo)

.debug_weaknames
 *(.debug_weaknames)

.debug_funcnames
 *(.debug_funcnames)

.debug_typenames
 *(.debug_typenames)

.debug_varnames
 *(.debug_varnames)

.debug_pubtypes
 *(.debug_pubtypes)

.debug_ranges
 *(.debug_ranges)

.debug_macro
 *(.debug_macro)
OUTPUT(projet.out elf32-avr)
LOAD linker stubs
